\BOOKMARK [1][-]{section.1}{\376\377\137\025\212\000}{}% 1
\BOOKMARK [2][-]{subsection.1.1}{\376\377\170\024\172\166\200\314\146\157}{section.1}% 2
\BOOKMARK [2][-]{subsection.1.2}{\376\377\150\070\137\303\215\041\163\056}{section.1}% 3
\BOOKMARK [1][-]{section.2}{\376\377\200\314\146\157\116\016\174\373\176\337\213\276\177\156}{}% 4
\BOOKMARK [2][-]{subsection.2.1}{\376\377\127\372\136\247\152\041\127\213\116\016\116\373\122\241\133\232\116\111}{section.2}% 5
\BOOKMARK [2][-]{subsection.2.2}{\376\377\127\372\136\247\152\041\127\213\131\061\145\110\152\041\137\017}{section.2}% 6
\BOOKMARK [1][-]{section.3}{\376\377\145\160\143\156\226\306\147\204\136\372\116\016\213\304\117\060}{}% 7
\BOOKMARK [2][-]{subsection.3.1}{\376\377\145\160\143\156\147\145\156\220\116\016\150\007\154\350}{section.3}% 8
\BOOKMARK [2][-]{subsection.3.2}{\376\377\0007\000\040\217\156\220\022\217\333\137\017\232\214\213\301\173\241\176\277}{section.3}% 9
\BOOKMARK [2][-]{subsection.3.3}{\376\377\145\160\143\156\215\050\221\317\136\246\221\317\117\123\174\373}{section.3}% 10
\BOOKMARK [2][-]{subsection.3.4}{\376\377\124\010\142\020\000\040\000K\000i\000C\000a\000d\000\040\230\204\213\255\176\303\145\160\143\156\166\204\211\304\152\041\123\026\165\037\142\020\173\241\176\277}{section.3}% 11
\BOOKMARK [2][-]{subsection.3.5}{\376\377\145\160\143\156\226\306\122\022\122\006\116\016\213\304\117\060\117\123\174\373}{section.3}% 12
\BOOKMARK [2][-]{subsection.3.6}{\376\377\145\160\143\156\226\306\123\357\211\306\123\026\122\006\147\220}{section.3}% 13
\BOOKMARK [2][-]{subsection.3.7}{\376\377\126\333\176\364\136\246\213\304\117\060\117\123\174\373}{section.3}% 14
\BOOKMARK [1][-]{section.4}{\376\377\127\072\146\157\172\000\177\072\140\047\116\016\136\224\165\050\116\367\120\074}{}% 15
\BOOKMARK [2][-]{subsection.4.1}{\376\377\170\024\172\166\172\000\177\072\140\047}{section.4}% 16
\BOOKMARK [2][-]{subsection.4.2}{\376\377\135\345\116\032\227\000\154\102\116\367\120\074}{section.4}% 17
\BOOKMARK [2][-]{subsection.4.3}{\376\377\127\072\146\157\162\354\162\171\140\047}{section.4}% 18
\BOOKMARK [1][-]{section.5}{\376\377\116\373\122\241\131\015\147\102\136\246\122\006\147\220}{}% 19
\BOOKMARK [2][-]{subsection.5.1}{\376\377\211\306\211\311\131\015\147\102\136\246\377\032\165\065\215\357\126\376\147\054\216\253\166\204\135\345\172\013\143\021\142\030}{section.5}% 20
\BOOKMARK [2][-]{subsection.5.2}{\376\377\176\323\147\204\131\015\147\102\136\246\377\032\226\220\137\017\131\032\116\373\122\241\200\124\124\010\117\030\123\026}{section.5}% 21
\BOOKMARK [2][-]{subsection.5.3}{\376\377\164\006\211\343\131\015\147\102\136\246\377\032\116\316\133\127\173\046\213\306\122\053\122\060\176\323\147\204\164\006\211\343}{section.5}% 22
\BOOKMARK [1][-]{section.6}{\376\377\213\255\176\303\145\160\143\156\226\306\147\204\136\372\171\321\133\146\140\047}{}% 23
\BOOKMARK [2][-]{subsection.6.1}{\376\377\221\307\226\306\155\101\172\013\211\304\203\003\140\047}{section.6}% 24
\BOOKMARK [2][-]{subsection.6.2}{\376\377\150\007\154\350\211\304\203\003\116\016\215\050\221\317\143\247\122\066}{section.6}% 25
\BOOKMARK [2][-]{subsection.6.3}{\376\377\145\160\143\156\176\337\213\241\122\006\147\220}{section.6}% 26
\BOOKMARK [1][-]{section.7}{\376\377\137\256\214\003\173\126\165\145\116\016\133\236\232\214\213\276\213\241}{}% 27
\BOOKMARK [2][-]{subsection.7.1}{\376\377\137\256\214\003\173\126\165\145\124\010\164\006\140\047}{section.7}% 28
\BOOKMARK [2][-]{subsection.7.2}{\376\377\174\373\176\337\155\210\207\215\133\236\232\214}{section.7}% 29
\BOOKMARK [2][-]{subsection.7.3}{\376\377\142\200\147\057\122\033\145\260\116\016\147\052\147\145\145\271\124\021}{section.7}% 30
\BOOKMARK [1][-]{section.8}{\376\377\152\041\127\213\137\256\214\003\116\016\133\236\232\214}{}% 31
\BOOKMARK [2][-]{subsection.8.1}{\376\377\127\372\136\247\152\041\127\213\140\047\200\375}{section.8}% 32
\BOOKMARK [2][-]{subsection.8.2}{\376\377\000P\000h\000a\000s\000e\000\040\0001\377\032\126\333\176\304\143\247\122\066\123\330\221\317\133\236\232\214\377\010\0001\000,\0002\0000\0000\000\040\150\067\147\054\377\011}{section.8}% 33
\BOOKMARK [2][-]{subsection.8.3}{\376\377\000P\000h\000a\000s\000e\000\040\0002\377\032\124\010\142\020\145\160\143\156\226\062\130\114\177\051\377\010\0001\000,\0005\0000\0000\000\040\150\067\147\054\377\011}{section.8}% 34
\BOOKMARK [2][-]{subsection.8.4}{\376\377\000P\000h\000a\000s\000e\000\040\0003\377\032\146\364\131\047\000\040\000L\000o\000R\000A\000\040\116\016\150\074\137\017\137\256\214\003\377\010\000e\000x\000p\0007\000/\000e\000x\000p\0008\377\011}{section.8}% 35
\BOOKMARK [2][-]{subsection.8.5}{\376\377\124\010\142\020\000K\000i\000C\000a\000d\230\204\213\255\176\303\377\032\211\304\152\041\123\026\124\010\142\020\145\160\143\156\133\236\232\214}{section.8}% 36
\BOOKMARK [1][-]{section.9}{\376\377\213\250\213\272}{}% 37
\BOOKMARK [2][-]{subsection.9.1}{\376\377\124\010\142\020\145\160\143\156\116\072\117\125\147\011\145\110\377\032\150\257\136\246\117\341\123\367\134\102\227\142\166\204\147\072\164\006\122\006\147\220}{section.9}% 38
\BOOKMARK [2][-]{subsection.9.2}{\376\377\145\160\143\156\215\050\221\317\117\030\121\110\116\216\145\160\143\156\145\160\221\317\377\032\000V\0004\000\040\145\160\143\156\226\306\166\204\176\317\232\214\145\131\213\255}{section.9}% 39
\BOOKMARK [2][-]{subsection.9.3}{\376\377\000v\0002\000\040\000\050\000P\000h\000a\000s\000e\000\040\0001\000\051\000\040\146\057\137\123\122\115\147\000\117\163\152\041\127\213}{section.9}% 40
\BOOKMARK [2][-]{subsection.9.4}{\376\377\137\123\122\115\164\366\230\210\116\016\123\357\210\114\215\357\137\204}{section.9}% 41
\BOOKMARK [1][-]{section.10}{\376\377\176\323\213\272}{}% 42
\BOOKMARK [2][-]{subsection.10.1}{\376\377\116\073\211\201\215\041\163\056}{section.10}% 43
\BOOKMARK [2][-]{subsection.10.2}{\376\377\134\100\226\120\116\016\147\052\147\145\135\345\117\134}{section.10}% 44
\BOOKMARK [1][-]{section.11}{\376\377\142\200\147\057\145\207\150\143\116\016\137\000\156\220\215\041\163\056}{}% 45
\BOOKMARK [1][-]{section.12}{\376\377\137\000\156\220\215\104\156\220}{}% 46
\BOOKMARK [1][-]{appendix.A}{\376\377\133\214\145\164\133\236\232\214\123\206\172\013}{}% 47
\BOOKMARK [2][-]{subsection.A.1}{\376\377\000V\0001\040\023\000V\0004\377\032\145\160\143\156\150\074\137\017\143\242\175\042\377\010\0002\0000\0002\0006\136\164\0006\147\010\377\011}{appendix.A}% 48
\BOOKMARK [2][-]{subsection.A.2}{\376\377\000V\0005\040\023\000V\0009\377\032\147\266\147\204\117\356\131\015\116\016\150\074\137\017\176\337\116\000\377\010\0002\0000\0002\0006\136\164\0007\147\010\116\012\145\354\377\011}{appendix.A}% 49
\BOOKMARK [2][-]{subsection.A.3}{\376\377\152\041\140\001\130\114\177\051\150\071\126\340\133\236\232\214\377\010\000E\0001\040\023\000E\0006\377\011}{appendix.A}% 50
\BOOKMARK [2][-]{subsection.A.4}{\376\377\000P\000h\000a\000s\000e\000\040\0003\377\032\146\364\131\047\133\271\221\317\116\016\150\074\137\017\143\242\175\042}{appendix.A}% 51
\BOOKMARK [2][-]{subsection.A.5}{\376\377\121\150\220\350\133\236\232\214\154\107\140\073}{appendix.A}% 52
\BOOKMARK [2][-]{subsection.A.6}{\376\377\000e\000x\000p\0001\0000\000\040\174\373\122\027\377\032\145\160\143\156\142\151\134\125\213\346\176\306\213\260\137\125\377\010\0002\0000\0002\0006\136\164\0007\147\010\377\011}{appendix.A}% 53
\BOOKMARK [2][-]{subsection.A.7}{\376\377\000e\000x\000p\0001\0001\000\040\174\373\122\027\377\032\145\160\143\156\130\236\137\072\213\346\176\306\213\260\137\125}{appendix.A}% 54
\BOOKMARK [2][-]{subsection.A.8}{\376\377\000e\000x\000p\0001\0002\377\032\176\347\176\355\137\256\214\003\000\040\000e\000x\000p\0006}{appendix.A}% 55
\BOOKMARK [2][-]{subsection.A.9}{\376\377\124\010\142\020\000\040\000K\000i\000C\000a\000d\000\040\165\037\142\020\126\150\116\011\116\343\157\024\123\330}{appendix.A}% 56
\BOOKMARK [2][-]{subsection.A.10}{\376\377\000R\000L\000\040\134\035\213\325\166\204\000\040\0002\0000\000\040\176\304\123\330\117\123}{appendix.A}% 57
\BOOKMARK [2][-]{subsection.A.11}{\376\377\217\355\116\343\142\322\176\335\221\307\150\067\213\346\176\306\213\260\137\125}{appendix.A}% 58
\BOOKMARK [2][-]{subsection.A.12}{\376\377\000e\000x\000p\0001\040\023\000e\000x\000p\0006\000\040\133\214\145\164\213\255\176\303\145\345\137\327}{appendix.A}% 59
\BOOKMARK [2][-]{subsection.A.13}{\376\377\000e\000x\000p\0001\0000\000\040\174\373\122\027\133\214\145\164\213\255\176\303\145\345\137\327\377\010\0003\000,\0000\0000\0000\000\040\150\067\147\054\377\014\124\010\142\020\145\207\133\127\172\000\221\312\377\011}{appendix.A}% 60
\BOOKMARK [2][-]{subsection.A.14}{\376\377\000e\000x\000p\0001\0001\000\040\213\255\176\303\145\345\137\327\116\016\130\114\177\051\217\223\121\372\150\067\117\213}{appendix.A}% 61
\BOOKMARK [2][-]{subsection.A.15}{\376\377\000e\000x\000p\0001\0002\000\040\133\214\145\164\213\255\176\303\000\040\000l\000o\000s\000s}{appendix.A}% 62
\BOOKMARK [2][-]{subsection.A.16}{\376\377\000R\000L\000\040\0002\0000\000\040\176\304\123\330\117\123\133\214\145\164\173\126\165\145\210\150}{appendix.A}% 63
\BOOKMARK [2][-]{subsection.A.17}{\376\377\124\010\142\020\000\040\000K\000i\000C\000a\000d\000\040\165\037\142\020\126\150\116\011\116\343\142\200\147\057\123\302\145\160}{appendix.A}% 64
\BOOKMARK [2][-]{subsection.A.18}{\376\377\000P\000h\000a\000s\000e\000\040\0001\000\040\124\010\142\020\230\204\213\255\176\303\133\214\145\164\213\255\176\303\221\115\177\156}{appendix.A}% 65
\BOOKMARK [2][-]{subsection.A.19}{\376\377\000P\000h\000a\000s\000e\000\040\0002\000\040\137\256\214\003\221\115\177\156\116\016\176\323\147\234}{appendix.A}% 66
\BOOKMARK [2][-]{subsection.A.20}{\376\377\133\214\145\164\163\257\130\203\116\016\117\235\215\126\162\110\147\054}{appendix.A}% 67
\BOOKMARK [2][-]{subsection.A.21}{\376\377\230\171\166\356\166\356\137\125\176\323\147\204\116\016\121\163\225\056\145\207\116\366}{appendix.A}% 68
\BOOKMARK [2][-]{subsection.A.22}{\376\377\213\304\155\113\201\032\147\054\142\200\147\057\176\306\202\202}{appendix.A}% 69
\BOOKMARK [2][-]{subsection.A.23}{\376\377\145\160\143\156\226\306\147\204\136\372\201\032\147\054\142\200\147\057\176\306\202\202}{appendix.A}% 70
\BOOKMARK [2][-]{subsection.A.24}{\376\377\135\362\116\012\117\040\000\040\000H\000u\000g\000g\000i\000n\000g\000F\000a\000c\000e\000\040\166\204\152\041\127\213\147\103\221\315}{appendix.A}% 71
\BOOKMARK [2][-]{subsection.A.25}{\376\377\135\362\167\345\226\120\122\066\116\016\147\052\133\214\142\020\166\204\134\035\213\325}{appendix.A}% 72
\BOOKMARK [2][-]{subsection.A.26}{\376\377\213\255\176\303\217\307\172\013\166\321\143\247\143\007\150\007\133\232\116\111}{appendix.A}% 73
\BOOKMARK [2][-]{subsection.A.27}{\376\377\145\160\143\156\215\050\221\317\225\356\230\230\166\204\133\214\145\164\122\006\174\173\117\123\174\373}{appendix.A}% 74
\BOOKMARK [2][-]{subsection.A.28}{\376\377\124\004\162\110\147\054\145\160\143\156\226\306\166\204\150\067\147\054\147\204\142\020\123\330\123\026}{appendix.A}% 75
\BOOKMARK [2][-]{subsection.A.29}{\376\377\213\255\176\303\000\040\000p\000i\000p\000e\000l\000i\000n\000e\000\040\201\352\122\250\123\026\201\032\147\054\155\101\172\013}{appendix.A}% 76
\BOOKMARK [2][-]{subsection.A.30}{\376\377\213\304\155\113\176\323\147\234\166\204\123\357\131\015\163\260\140\047}{appendix.A}% 77
\BOOKMARK [2][-]{subsection.A.31}{\376\377\000G\000i\000t\000H\000u\000b\000\040\000c\000o\000m\000m\000i\000t\000\040\145\366\225\364\176\277}{appendix.A}% 78
\BOOKMARK [2][-]{subsection.A.32}{\376\377\124\010\142\020\000\040\000K\000i\000C\000a\000d\000\040\126\376\120\317\166\204\120\317\175\040\176\337\213\241}{appendix.A}% 79
\BOOKMARK [2][-]{subsection.A.33}{\376\377\000H\000u\000g\000g\000i\000n\000g\000F\000a\000c\000e\000\040\000S\000p\000a\000c\000e\000\040\000D\000e\000m\000o\000\040\220\350\177\162\213\260\137\125}{appendix.A}% 80
\BOOKMARK [2][-]{subsection.A.34}{\376\377\213\255\176\303\170\154\116\366\176\246\147\137\116\016\146\076\133\130\173\241\164\006}{appendix.A}% 81
\BOOKMARK [2][-]{subsection.A.35}{\376\377\000e\000x\000p\0004\000\040\130\114\177\051\217\223\121\372\166\204\133\214\145\164\150\067\117\213}{appendix.A}% 82
\BOOKMARK [2][-]{subsection.A.36}{\376\377\000e\000x\000p\0006\000\040\127\050\000\040\0003\0000\000\040\150\067\147\054\155\113\213\325\226\306\116\012\166\204\133\214\145\164\143\007\150\007}{appendix.A}% 83
\BOOKMARK [2][-]{subsection.A.37}{\376\377\000P\000h\000a\000s\000e\000\040\0001\000\040\124\010\142\020\230\204\213\255\176\303\127\050\000\040\0003\0000\000\040\150\067\147\054\155\113\213\325\226\306\116\012\166\204\213\346\176\306\143\007\150\007}{appendix.A}% 84
\BOOKMARK [2][-]{subsection.A.38}{\376\377\217\355\116\343\142\322\176\335\221\307\150\067\166\204\133\214\145\164\120\031\220\011\217\223\121\372\150\067\117\213}{appendix.A}% 85
\BOOKMARK [2][-]{subsection.A.39}{\376\377\000F\000i\000n\000a\000l\000\040\000C\000h\000e\000c\000k\000l\000i\000s\000t\377\032\142\245\124\112\143\320\116\244\122\115\166\204\121\150\220\350\117\356\145\071}{appendix.A}% 86
\BOOKMARK [2][-]{subsection.A.40}{\376\377\127\372\136\247\152\041\127\213\116\016\137\256\214\003\152\041\127\213\217\223\121\372\133\371\153\324}{appendix.A}% 87
